[dotenv@17.2.3] injecting env (21) from .env.local -- tip: 👥 sync secrets across teammates & machines: https://dotenvx.com/ops
🧪 STARTE VOLLSTÄNDIGEN TEXT-TRANSFORM FLOW TEST

════════════════════════════════════════════════════════════════════════════════

📊 Gefundene Test-Cases: 19


────────────────────────────────────────────────────────────────────────────────
TEST 1/19: rephrase-1-press-release-intro
📝 Rephrase: Pressemitteilungs-Intro umformulieren (sollte ±5 Wörter bleiben)
────────────────────────────────────────────────────────────────────────────────

🔄 Text-Transformation gestartet {
  action: 'rephrase',
  textLength: 221,
  hasFullDocument: false,
  hasTone: false,
  hasInstruction: false
}
📋 Prompts gewählt: {
  action: 'rephrase',
  hasContext: null,
  systemPromptLength: 1132,
  userPromptLength: 255
}
🔍 Extrahiere Formatierung vor AI-Transform...
📊 Format-Extraktion: {
  originalLength: 221,
  plainTextLength: 221,
  markersCount: 1,
  markerTypes: [ 'paragraph' ]
}
🤖 Model Selection: {
  action: 'rephrase',
  model: 'gemini-2.5-flash-lite',
  maxOutputTokens: 2048
}
🔍 Text Extraction Debug: {
  hasMessage: true,
  hasContent: true,
  contentLength: 1,
  hasText: true,
  extractedLength: 204,
  resultKeys: [
    'message',
    'finishReason',
    'finishMessage',
    'usage',
    'custom',
    'raw',
    'request',
    'operation',
    'model',
    'parser'
  ]
}
✅ Text generiert, Länge: 204
🎨 Wende Formatierung auf transformierten Text an...
📊 Format-Restoration: { plainTextLength: 204, formattedTextLength: 204, markersApplied: 1 }
📊 Transformation abgeschlossen {
  action: 'rephrase',
  originalLength: 221,
  transformedLength: 204,
  wordCountChange: -1
}
✅ Flow erfolgreich ausgeführt
⏱️  Dauer: 737ms

📊 METRIKEN:
  Original Wörter: 24
  Transformiert Wörter: 23
  Wortanzahl-Änderung: -1
  Original Zeichen: 221
  Transformiert Zeichen: 204

📄 ORIGINAL:
  Das Berliner Technologie-Unternehmen DataFlow gibt heute die Markteinführung seiner innovativen KI-Plattform SmartAnalytics Pro bekannt, die Unternehm...

🔄 TRANSFORMIERT:
  Der Berliner Technologie-Betrieb DataFlow verkündet heute die Produktvorstellung seiner neuartigen KI-Plattform SmartAnalytics Pro, welche Firmendaten...

⚠️  VALIDIERUNGS-WARNUNGEN:
   ❌ Zu wenig Wörter: 23 < 25
   ❌ Keyword fehlt: "schneller"


────────────────────────────────────────────────────────────────────────────────
TEST 2/19: rephrase-2-with-context
📝 Rephrase: Mit Dokument-Kontext (sollte terminologisch konsistent bleiben)
────────────────────────────────────────────────────────────────────────────────

🔄 Text-Transformation gestartet {
  action: 'rephrase',
  textLength: 88,
  hasFullDocument: true,
  hasTone: false,
  hasInstruction: false
}
📋 Prompts gewählt: {
  action: 'rephrase',
  hasContext: true,
  systemPromptLength: 1547,
  userPromptLength: 361
}
🔍 Extrahiere Formatierung vor AI-Transform...
📊 Format-Extraktion: {
  originalLength: 88,
  plainTextLength: 88,
  markersCount: 1,
  markerTypes: [ 'paragraph' ]
}
🤖 Model Selection: {
  action: 'rephrase',
  model: 'gemini-2.5-flash-lite',
  maxOutputTokens: 2048
}
🔍 Text Extraction Debug: {
  hasMessage: true,
  hasContent: true,
  contentLength: 1,
  hasText: true,
  extractedLength: 84,
  resultKeys: [
    'message',
    'finishReason',
    'finishMessage',
    'usage',
    'custom',
    'raw',
    'request',
    'operation',
    'model',
    'parser'
  ]
}
✅ Text generiert, Länge: 84
🎨 Wende Formatierung auf transformierten Text an...
📊 Format-Restoration: { plainTextLength: 84, formattedTextLength: 84, markersApplied: 1 }
📊 Transformation abgeschlossen {
  action: 'rephrase',
  originalLength: 88,
  transformedLength: 84,
  wordCountChange: 0
}
✅ Flow erfolgreich ausgeführt
⏱️  Dauer: 643ms

📊 METRIKEN:
  Original Wörter: 12
  Transformiert Wörter: 12
  Wortanzahl-Änderung: 0
  Original Zeichen: 88
  Transformiert Zeichen: 84

📄 ORIGINAL:
  Die neue Funktion ermöglicht es Nutzern, ihre Datensätze in Echtzeit zu synchronisieren.

🔄 TRANSFORMIERT:
  Die neue Funktion erlaubt es Kunden, ihre Datensätze in Echtzeit zu synchronisieren.

✅ VALIDIERUNG BESTANDEN


────────────────────────────────────────────────────────────────────────────────
TEST 3/19: rephrase-3-with-bold-formatting
📝 Rephrase: Mit Bold-Formatierung (sollte **fett** erhalten bleiben)
────────────────────────────────────────────────────────────────────────────────

🔄 Text-Transformation gestartet {
  action: 'rephrase',
  textLength: 128,
  hasFullDocument: false,
  hasTone: false,
  hasInstruction: false
}
📋 Prompts gewählt: {
  action: 'rephrase',
  hasContext: null,
  systemPromptLength: 1132,
  userPromptLength: 162
}
🔍 Extrahiere Formatierung vor AI-Transform...
📊 Format-Extraktion: {
  originalLength: 128,
  plainTextLength: 120,
  markersCount: 3,
  markerTypes: [ 'bold', 'bold', 'paragraph' ]
}
🤖 Model Selection: {
  action: 'rephrase',
  model: 'gemini-2.5-flash-lite',
  maxOutputTokens: 2048
}
🔍 Text Extraction Debug: {
  hasMessage: true,
  hasContent: true,
  contentLength: 1,
  hasText: true,
  extractedLength: 114,
  resultKeys: [
    'message',
    'finishReason',
    'finishMessage',
    'usage',
    'custom',
    'raw',
    'request',
    'operation',
    'model',
    'parser'
  ]
}
✅ Text generiert, Länge: 114
🎨 Wende Formatierung auf transformierten Text an...
📊 Format-Restoration: { plainTextLength: 114, formattedTextLength: 122, markersApplied: 3 }
📊 Transformation abgeschlossen {
  action: 'rephrase',
  originalLength: 128,
  transformedLength: 122,
  wordCountChange: 0
}
✅ Flow erfolgreich ausgeführt
⏱️  Dauer: 390ms

📊 METRIKEN:
  Original Wörter: 13
  Transformiert Wörter: 13
  Wortanzahl-Änderung: 0
  Original Zeichen: 128
  Transformiert Zeichen: 122

📄 ORIGINAL:
  Die **innovative KI-Plattform** revolutioniert die Datenanalyse und bietet **zehnmal schnellere** Verarbeitung als Wettbewerber.

🔄 TRANSFORMIERT:
  Die **innovative KI-Plattform** verändert die Datenanalyse und liefert **zehnmal zügigere** Verarbeitung als Konkurrenten.

✅ VALIDIERUNG BESTANDEN


────────────────────────────────────────────────────────────────────────────────
TEST 4/19: shorten-1-long-paragraph
📝 Shorten: Langen Absatz um ~30% kürzen (aber Kernaussagen behalten)
────────────────────────────────────────────────────────────────────────────────

🔄 Text-Transformation gestartet {
  action: 'shorten',
  textLength: 437,
  hasFullDocument: false,
  hasTone: false,
  hasInstruction: false
}
📋 Prompts gewählt: {
  action: 'shorten',
  hasContext: null,
  systemPromptLength: 894,
  userPromptLength: 500
}
🔍 Extrahiere Formatierung vor AI-Transform...
📊 Format-Extraktion: {
  originalLength: 437,
  plainTextLength: 437,
  markersCount: 1,
  markerTypes: [ 'paragraph' ]
}
🤖 Model Selection: {
  action: 'shorten',
  model: 'gemini-2.5-flash-lite',
  maxOutputTokens: 2048
}
🔍 Text Extraction Debug: {
  hasMessage: true,
  hasContent: true,
  contentLength: 1,
  hasText: true,
  extractedLength: 235,
  resultKeys: [
    'message',
    'finishReason',
    'finishMessage',
    'usage',
    'custom',
    'raw',
    'request',
    'operation',
    'model',
    'parser'
  ]
}
✅ Text generiert, Länge: 235
🎨 Wende Formatierung auf transformierten Text an...
📊 Format-Restoration: { plainTextLength: 235, formattedTextLength: 235, markersApplied: 1 }
📊 Transformation abgeschlossen {
  action: 'shorten',
  originalLength: 437,
  transformedLength: 235,
  wordCountChange: -24
}
✅ Flow erfolgreich ausgeführt
⏱️  Dauer: 478ms

📊 METRIKEN:
  Original Wörter: 53
  Transformiert Wörter: 29
  Wortanzahl-Änderung: -24
  Original Zeichen: 437
  Transformiert Zeichen: 235

📄 ORIGINAL:
  Die MediCare GmbH aus München führt ein revolutionäres Telemedizin-System ein, das Patienten in ländlichen und abgelegenen Gebieten einen deutlich bes...

🔄 TRANSFORMIERT:
  Die MediCare GmbH aus München revolutioniert den Facharztzugang in ländlichen Gebieten mit einem Telemedizin-System. Über 500 Hausarztpraxen werden mi...

⚠️  VALIDIERUNGS-WARNUNGEN:
   ❌ Zu wenig Wörter: 29 < 35
   ❌ Keyword fehlt: "Patienten"
   ❌ Keyword fehlt: "60 Prozent"


────────────────────────────────────────────────────────────────────────────────
TEST 5/19: shorten-2-with-cta-marker
📝 Shorten: Mit CTA-Marker (sollte [[CTA: ...]] erhalten bleiben)
────────────────────────────────────────────────────────────────────────────────

🔄 Text-Transformation gestartet {
  action: 'shorten',
  textLength: 278,
  hasFullDocument: false,
  hasTone: false,
  hasInstruction: false
}
📋 Prompts gewählt: {
  action: 'shorten',
  hasContext: null,
  systemPromptLength: 894,
  userPromptLength: 341
}
🔍 Extrahiere Formatierung vor AI-Transform...
📊 Format-Extraktion: {
  originalLength: 278,
  plainTextLength: 269,
  markersCount: 2,
  markerTypes: [ 'cta', 'paragraph' ]
}
🤖 Model Selection: {
  action: 'shorten',
  model: 'gemini-2.5-flash-lite',
  maxOutputTokens: 2048
}
🔍 Text Extraction Debug: {
  hasMessage: true,
  hasContent: true,
  contentLength: 1,
  hasText: true,
  extractedLength: 201,
  resultKeys: [
    'message',
    'finishReason',
    'finishMessage',
    'usage',
    'custom',
    'raw',
    'request',
    'operation',
    'model',
    'parser'
  ]
}
✅ Text generiert, Länge: 201
🎨 Wende Formatierung auf transformierten Text an...
📊 Format-Restoration: { plainTextLength: 201, formattedTextLength: 201, markersApplied: 2 }
📊 Transformation abgeschlossen {
  action: 'shorten',
  originalLength: 278,
  transformedLength: 201,
  wordCountChange: -9
}
✅ Flow erfolgreich ausgeführt
⏱️  Dauer: 536ms

📊 METRIKEN:
  Original Wörter: 30
  Transformiert Wörter: 21
  Wortanzahl-Änderung: -9
  Original Zeichen: 278
  Transformiert Zeichen: 201

📄 ORIGINAL:
  Unsere revolutionäre KI-Plattform analysiert Unternehmensdaten in Echtzeit und liefert präzise Insights für bessere Geschäftsentscheidungen. Die Lösun...

🔄 TRANSFORMIERT:
  Unsere KI-Plattform liefert präzise Echtzeit-Insights für bessere Geschäftsentscheidungen. Sie skaliert automatisch und ist sofort einsatzbereit. [[CT...

✅ VALIDIERUNG BESTANDEN


────────────────────────────────────────────────────────────────────────────────
TEST 6/19: expand-1-short-bullet
📝 Expand: Kurzen Bullet-Point um ~50% erweitern
────────────────────────────────────────────────────────────────────────────────

🔄 Text-Transformation gestartet {
  action: 'expand',
  textLength: 69,
  hasFullDocument: false,
  hasTone: false,
  hasInstruction: false
}
📋 Prompts gewählt: {
  action: 'expand',
  hasContext: null,
  systemPromptLength: 907,
  userPromptLength: 135
}
🔍 Extrahiere Formatierung vor AI-Transform...
📊 Format-Extraktion: {
  originalLength: 69,
  plainTextLength: 69,
  markersCount: 1,
  markerTypes: [ 'paragraph' ]
}
🤖 Model Selection: {
  action: 'expand',
  model: 'gemini-2.5-flash-lite',
  maxOutputTokens: 2048
}
🔍 Text Extraction Debug: {
  hasMessage: true,
  hasContent: true,
  contentLength: 1,
  hasText: true,
  extractedLength: 101,
  resultKeys: [
    'message',
    'finishReason',
    'finishMessage',
    'usage',
    'custom',
    'raw',
    'request',
    'operation',
    'model',
    'parser'
  ]
}
✅ Text generiert, Länge: 101
🎨 Wende Formatierung auf transformierten Text an...
📊 Format-Restoration: { plainTextLength: 93, formattedTextLength: 93, markersApplied: 1 }
📊 Transformation abgeschlossen {
  action: 'expand',
  originalLength: 69,
  transformedLength: 93,
  wordCountChange: 4
}
✅ Flow erfolgreich ausgeführt
⏱️  Dauer: 643ms

📊 METRIKEN:
  Original Wörter: 7
  Transformiert Wörter: 11
  Wortanzahl-Änderung: 4
  Original Zeichen: 69
  Transformiert Zeichen: 93

📄 ORIGINAL:
  Die App bietet personalisierte Trainingspläne und Ernährungstracking.

🔄 TRANSFORMIERT:
  Die App bietet personalisierte Trainingspläne und präzises Ernährungstracking für Ihre Ziele.

✅ VALIDIERUNG BESTANDEN


────────────────────────────────────────────────────────────────────────────────
TEST 7/19: expand-2-with-hashtags
📝 Expand: Mit Hashtags (sollte #Hashtags erhalten bleiben)
────────────────────────────────────────────────────────────────────────────────

🔄 Text-Transformation gestartet {
  action: 'expand',
  textLength: 103,
  hasFullDocument: false,
  hasTone: false,
  hasInstruction: false
}
📋 Prompts gewählt: {
  action: 'expand',
  hasContext: null,
  systemPromptLength: 908,
  userPromptLength: 170
}
🔍 Extrahiere Formatierung vor AI-Transform...
📊 Format-Extraktion: {
  originalLength: 103,
  plainTextLength: 103,
  markersCount: 4,
  markerTypes: [ 'hashtag', 'hashtag', 'hashtag', 'paragraph' ]
}
🤖 Model Selection: {
  action: 'expand',
  model: 'gemini-2.5-flash-lite',
  maxOutputTokens: 2048
}
🔍 Text Extraction Debug: {
  hasMessage: true,
  hasContent: true,
  contentLength: 1,
  hasText: true,
  extractedLength: 166,
  resultKeys: [
    'message',
    'finishReason',
    'finishMessage',
    'usage',
    'custom',
    'raw',
    'request',
    'operation',
    'model',
    'parser'
  ]
}
✅ Text generiert, Länge: 166
🎨 Wende Formatierung auf transformierten Text an...
📊 Format-Restoration: { plainTextLength: 166, formattedTextLength: 166, markersApplied: 4 }
📊 Transformation abgeschlossen {
  action: 'expand',
  originalLength: 103,
  transformedLength: 166,
  wordCountChange: 7
}
✅ Flow erfolgreich ausgeführt
⏱️  Dauer: 373ms

📊 METRIKEN:
  Original Wörter: 12
  Transformiert Wörter: 19
  Wortanzahl-Änderung: 7
  Original Zeichen: 103
  Transformiert Zeichen: 166

📄 ORIGINAL:
  Die neue KI-Plattform revolutioniert die Datenanalyse für moderne Unternehmen. #KI #Innovation #BigData

🔄 TRANSFORMIERT:
  Die neue KI-Plattform revolutioniert die Datenanalyse für moderne Unternehmen und ermöglicht tiefere Einblicke und schnellere Entscheidungen. #KI #Inn...

✅ VALIDIERUNG BESTANDEN


────────────────────────────────────────────────────────────────────────────────
TEST 8/19: formalize-1-simple-draft
📝 Formalize: Einfacher Rohentwurf → strukturierte PR
────────────────────────────────────────────────────────────────────────────────

🔄 Text-Transformation gestartet {
  action: 'formalize',
  textLength: 111,
  hasFullDocument: false,
  hasTone: false,
  hasInstruction: false
}
📋 Prompts gewählt: {
  action: 'formalize',
  hasContext: null,
  systemPromptLength: 1401,
  userPromptLength: 171
}
🤖 Model Selection: {
  action: 'formalize',
  model: 'gemini-2.5-flash',
  maxOutputTokens: 8192
}
🔍 Text Extraction Debug: {
  hasMessage: true,
  hasContent: true,
  contentLength: 1,
  hasText: true,
  extractedLength: 738,
  resultKeys: [
    'message',
    'finishReason',
    'finishMessage',
    'usage',
    'custom',
    'raw',
    'request',
    'operation',
    'model',
    'parser'
  ]
}
✅ Text generiert, Länge: 738
📊 Transformation abgeschlossen {
  action: 'formalize',
  originalLength: 111,
  transformedLength: 735,
  wordCountChange: 71
}
✅ Flow erfolgreich ausgeführt
⏱️  Dauer: 8665ms

📊 METRIKEN:
  Original Wörter: 14
  Transformiert Wörter: 85
  Wortanzahl-Änderung: 71
  Original Zeichen: 111
  Transformiert Zeichen: 735

📄 ORIGINAL:
  Neue KI-Plattform für Datenanalyse. Zehnmal schneller als Wettbewerber. Über 500 Unternehmen nutzen es bereits.

🔄 TRANSFORMIERT:
  Eine neue KI-Plattform revolutioniert ab sofort die Datenanalyse für über 500 Unternehmen durch zehnmal schnellere Verarbeitung.

Die innovative Platt...

✅ VALIDIERUNG BESTANDEN


────────────────────────────────────────────────────────────────────────────────
TEST 9/19: formalize-2-detailed-draft
📝 Formalize: Detaillierter Rohentwurf mit Kontext → strukturierte PR
────────────────────────────────────────────────────────────────────────────────

🔄 Text-Transformation gestartet {
  action: 'formalize',
  textLength: 171,
  hasFullDocument: true,
  hasTone: false,
  hasInstruction: false
}
📋 Prompts gewählt: {
  action: 'formalize',
  hasContext: false,
  systemPromptLength: 1401,
  userPromptLength: 231
}
🤖 Model Selection: {
  action: 'formalize',
  model: 'gemini-2.5-flash',
  maxOutputTokens: 8192
}
🔍 Text Extraction Debug: {
  hasMessage: true,
  hasContent: true,
  contentLength: 1,
  hasText: true,
  extractedLength: 787,
  resultKeys: [
    'message',
    'finishReason',
    'finishMessage',
    'usage',
    'custom',
    'raw',
    'request',
    'operation',
    'model',
    'parser'
  ]
}
✅ Text generiert, Länge: 787
📊 Transformation abgeschlossen {
  action: 'formalize',
  originalLength: 171,
  transformedLength: 784,
  wordCountChange: 75
}
✅ Flow erfolgreich ausgeführt
⏱️  Dauer: 5327ms

📊 METRIKEN:
  Original Wörter: 19
  Transformiert Wörter: 94
  Wortanzahl-Änderung: 75
  Original Zeichen: 171
  Transformiert Zeichen: 784

📄 ORIGINAL:
  DataFlow aus Berlin launcht SmartAnalytics Pro. KI-basiert, analysiert Daten in Echtzeit. Hauptfeature: Automatische Anomalie-Erkennung. CEO Max Muste...

🔄 TRANSFORMIERT:
  DataFlow aus Berlin launcht ab sofort SmartAnalytics Pro, eine KI-basierte Plattform zur Echtzeit-Datenanalyse und automatischen Anomalie-Erkennung.

...

⚠️  VALIDIERUNGS-WARNUNGEN:
   ❌ Zu wenig Wörter: 94 < 100


────────────────────────────────────────────────────────────────────────────────
TEST 10/19: change-tone-1-formal-to-casual
📝 Change-Tone: Von formell zu casual ändern
────────────────────────────────────────────────────────────────────────────────

🔄 Text-Transformation gestartet {
  action: 'change-tone',
  textLength: 169,
  hasFullDocument: false,
  hasTone: true,
  hasInstruction: false
}
📋 Prompts gewählt: {
  action: 'change-tone',
  hasContext: null,
  systemPromptLength: 567,
  userPromptLength: 230
}
🔍 Extrahiere Formatierung vor AI-Transform...
📊 Format-Extraktion: {
  originalLength: 169,
  plainTextLength: 169,
  markersCount: 1,
  markerTypes: [ 'paragraph' ]
}
🤖 Model Selection: {
  action: 'change-tone',
  model: 'gemini-2.5-flash-lite',
  maxOutputTokens: 2048
}
🔍 Text Extraction Debug: {
  hasMessage: true,
  hasContent: true,
  contentLength: 1,
  hasText: true,
  extractedLength: 95,
  resultKeys: [
    'message',
    'finishReason',
    'finishMessage',
    'usage',
    'custom',
    'raw',
    'request',
    'operation',
    'model',
    'parser'
  ]
}
✅ Text generiert, Länge: 95
🎨 Wende Formatierung auf transformierten Text an...
📊 Format-Restoration: { plainTextLength: 95, formattedTextLength: 95, markersApplied: 1 }
📊 Transformation abgeschlossen {
  action: 'change-tone',
  originalLength: 169,
  transformedLength: 95,
  wordCountChange: -6
}
✅ Flow erfolgreich ausgeführt
⏱️  Dauer: 598ms

📊 METRIKEN:
  Original Wörter: 20
  Transformiert Wörter: 14
  Wortanzahl-Änderung: -6
  Original Zeichen: 169
  Transformiert Zeichen: 95

📄 ORIGINAL:
  Wir freuen uns, Ihnen mitteilen zu dürfen, dass die Transaktion erfolgreich abgeschlossen wurde und sämtliche vertraglichen Vereinbarungen vollumfängl...

🔄 TRANSFORMIERT:
  Hey, super Neuigkeiten! Die Transaktion ist durch und alles ist erledigt, genau wie besprochen.

⚠️  VALIDIERUNGS-WARNUNGEN:
   ❌ Zu wenig Wörter: 14 < 15


────────────────────────────────────────────────────────────────────────────────
TEST 11/19: change-tone-2-with-formatting
📝 Change-Tone: Mit Formatierung (sollte **Bold** und [[CTA]] erhalten)
────────────────────────────────────────────────────────────────────────────────

🔄 Text-Transformation gestartet {
  action: 'change-tone',
  textLength: 126,
  hasFullDocument: false,
  hasTone: true,
  hasInstruction: false
}
📋 Prompts gewählt: {
  action: 'change-tone',
  hasContext: null,
  systemPromptLength: 567,
  userPromptLength: 187
}
🔍 Extrahiere Formatierung vor AI-Transform...
📊 Format-Extraktion: {
  originalLength: 126,
  plainTextLength: 113,
  markersCount: 3,
  markerTypes: [ 'bold', 'cta', 'paragraph' ]
}
🤖 Model Selection: {
  action: 'change-tone',
  model: 'gemini-2.5-flash-lite',
  maxOutputTokens: 2048
}
🔍 Text Extraction Debug: {
  hasMessage: true,
  hasContent: true,
  contentLength: 1,
  hasText: true,
  extractedLength: 195,
  resultKeys: [
    'message',
    'finishReason',
    'finishMessage',
    'usage',
    'custom',
    'raw',
    'request',
    'operation',
    'model',
    'parser'
  ]
}
✅ Text generiert, Länge: 195
🎨 Wende Formatierung auf transformierten Text an...
📊 Format-Restoration: { plainTextLength: 195, formattedTextLength: 240, markersApplied: 3 }
📊 Transformation abgeschlossen {
  action: 'change-tone',
  originalLength: 126,
  transformedLength: 240,
  wordCountChange: 27
}
✅ Flow erfolgreich ausgeführt
⏱️  Dauer: 701ms

📊 METRIKEN:
  Original Wörter: 14
  Transformiert Wörter: 41
  Wortanzahl-Änderung: 27
  Original Zeichen: 126
  Transformiert Zeichen: 240

📄 ORIGINAL:
  Unsere **innovative Lösung** bietet erstklassige Features für moderne Unternehmen. [[CTA: Demo anfordern unter info@firma.de]]

🔄 TRANSFORMIERT:
  Hey, schau dir mal unsere coole Lösung an! Die hat echt top Features für alle, die am Puls der Zeit sind. Wenn du mehr wissen willst, schreib uns einf...

⚠️  VALIDIERUNGS-WARNUNGEN:
   ❌ Zu viele Wörter: 41 > 20
   ❌ Bold-Formatierung (**) verloren


────────────────────────────────────────────────────────────────────────────────
TEST 12/19: custom-1-contextual-addition
📝 Custom: Kontextuelle Ergänzung im letzten Absatz
────────────────────────────────────────────────────────────────────────────────

🔄 Text-Transformation gestartet {
  action: 'custom',
  textLength: 146,
  hasFullDocument: true,
  hasTone: false,
  hasInstruction: true
}
📋 Prompts gewählt: {
  action: 'custom',
  hasContext: false,
  systemPromptLength: 1758,
  userPromptLength: 300
}
🔍 Extrahiere Formatierung vor AI-Transform...
📊 Format-Extraktion: {
  originalLength: 146,
  plainTextLength: 146,
  markersCount: 3,
  markerTypes: [ 'paragraph', 'paragraph', 'paragraph' ]
}
🤖 Model Selection: { action: 'custom', model: 'gemini-2.5-flash', maxOutputTokens: 8192 }
🔍 Text Extraction Debug: {
  hasMessage: true,
  hasContent: true,
  contentLength: 1,
  hasText: true,
  extractedLength: 163,
  resultKeys: [
    'message',
    'finishReason',
    'finishMessage',
    'usage',
    'custom',
    'raw',
    'request',
    'operation',
    'model',
    'parser'
  ]
}
✅ Text generiert, Länge: 163
🎨 Wende Formatierung auf transformierten Text an...
📊 Format-Restoration: { plainTextLength: 163, formattedTextLength: 164, markersApplied: 3 }
📊 Transformation abgeschlossen {
  action: 'custom',
  originalLength: 146,
  transformedLength: 164,
  wordCountChange: 2
}
✅ Flow erfolgreich ausgeführt
⏱️  Dauer: 1021ms

📊 METRIKEN:
  Original Wörter: 18
  Transformiert Wörter: 20
  Wortanzahl-Änderung: 2
  Original Zeichen: 146
  Transformiert Zeichen: 164

📄 ORIGINAL:
  Die DataFlow GmbH präsentiert SmartAnalytics Pro.

Die KI-Plattform analysiert Daten in Echtzeit.

Kontaktieren Sie uns für weitere Informationen.

🔄 TRANSFORMIERT:
  Die DataFlow GmbH präsentiert SmartAnalytics Pro.

Die KI-Plattform analysiert Daten in Echtzeit.

Kontaktieren Sie uns unter 030-123456 für weitere I...

✅ VALIDIERUNG BESTANDEN


────────────────────────────────────────────────────────────────────────────────
TEST 13/19: custom-2-global-replacement
📝 Custom: Globale Ersetzung über gesamtes Dokument
────────────────────────────────────────────────────────────────────────────────

🔄 Text-Transformation gestartet {
  action: 'custom',
  textLength: 91,
  hasFullDocument: true,
  hasTone: false,
  hasInstruction: true
}
📋 Prompts gewählt: {
  action: 'custom',
  hasContext: false,
  systemPromptLength: 1758,
  userPromptLength: 260
}
🔍 Extrahiere Formatierung vor AI-Transform...
📊 Format-Extraktion: {
  originalLength: 91,
  plainTextLength: 91,
  markersCount: 2,
  markerTypes: [ 'paragraph', 'paragraph' ]
}
🤖 Model Selection: { action: 'custom', model: 'gemini-2.5-flash', maxOutputTokens: 8192 }
🔍 Text Extraction Debug: {
  hasMessage: true,
  hasContent: true,
  contentLength: 1,
  hasText: true,
  extractedLength: 103,
  resultKeys: [
    'message',
    'finishReason',
    'finishMessage',
    'usage',
    'custom',
    'raw',
    'request',
    'operation',
    'model',
    'parser'
  ]
}
✅ Text generiert, Länge: 103
🎨 Wende Formatierung auf transformierten Text an...
📊 Format-Restoration: { plainTextLength: 103, formattedTextLength: 104, markersApplied: 2 }
📊 Transformation abgeschlossen {
  action: 'custom',
  originalLength: 91,
  transformedLength: 104,
  wordCountChange: 0
}
✅ Flow erfolgreich ausgeführt
⏱️  Dauer: 2848ms

📊 METRIKEN:
  Original Wörter: 11
  Transformiert Wörter: 11
  Wortanzahl-Änderung: 0
  Original Zeichen: 91
  Transformiert Zeichen: 104

📄 ORIGINAL:
  TechCorp präsentiert Innovation. TechCorp setzt Standards.

TechCorp ist seit 2020 führend.

🔄 TRANSFORMIERT:
  InnovateCorp präsentiert Innovation. InnovateCorp setzt Standards.

InnovateCorp ist seit 2020 führend..

⚠️  VALIDIERUNGS-WARNUNGEN:
   ❌ Zu wenig Wörter: 11 < 14


────────────────────────────────────────────────────────────────────────────────
TEST 14/19: custom-3-paragraph-specific
📝 Custom: Absatz-spezifische Änderung (zweiten Absatz kürzen)
────────────────────────────────────────────────────────────────────────────────

🔄 Text-Transformation gestartet {
  action: 'custom',
  textLength: 174,
  hasFullDocument: true,
  hasTone: false,
  hasInstruction: true
}
📋 Prompts gewählt: {
  action: 'custom',
  hasContext: false,
  systemPromptLength: 1758,
  userPromptLength: 328
}
🔍 Extrahiere Formatierung vor AI-Transform...
📊 Format-Extraktion: {
  originalLength: 174,
  plainTextLength: 174,
  markersCount: 3,
  markerTypes: [ 'paragraph', 'paragraph', 'paragraph' ]
}
🤖 Model Selection: { action: 'custom', model: 'gemini-2.5-flash', maxOutputTokens: 8192 }
🔍 Text Extraction Debug: {
  hasMessage: true,
  hasContent: true,
  contentLength: 1,
  hasText: true,
  extractedLength: 94,
  resultKeys: [
    'message',
    'finishReason',
    'finishMessage',
    'usage',
    'custom',
    'raw',
    'request',
    'operation',
    'model',
    'parser'
  ]
}
✅ Text generiert, Länge: 94
🎨 Wende Formatierung auf transformierten Text an...
📊 Format-Restoration: { plainTextLength: 94, formattedTextLength: 95, markersApplied: 3 }
📊 Transformation abgeschlossen {
  action: 'custom',
  originalLength: 174,
  transformedLength: 95,
  wordCountChange: -9
}
✅ Flow erfolgreich ausgeführt
⏱️  Dauer: 1976ms

📊 METRIKEN:
  Original Wörter: 23
  Transformiert Wörter: 14
  Wortanzahl-Änderung: -9
  Original Zeichen: 174
  Transformiert Zeichen: 95

📄 ORIGINAL:
  Die Firma bietet Services an.

Unsere innovativen hochmodernen erstklassigen Produkte sind die besten auf dem Markt und bieten unübertroffene Qualität...

🔄 TRANSFORMIERT:
  Die Firma bietet Services an.

Unsere Produkte sind von hoher Qualität.

Kontaktieren Sie uns..

⚠️  VALIDIERUNGS-WARNUNGEN:
   ❌ Zu wenig Wörter: 14 < 15


────────────────────────────────────────────────────────────────────────────────
TEST 15/19: custom-4-add-information-contextual
📝 Custom: Information kontextgerecht einfügen
────────────────────────────────────────────────────────────────────────────────

🔄 Text-Transformation gestartet {
  action: 'custom',
  textLength: 103,
  hasFullDocument: true,
  hasTone: false,
  hasInstruction: true
}
📋 Prompts gewählt: {
  action: 'custom',
  hasContext: false,
  systemPromptLength: 1758,
  userPromptLength: 275
}
🔍 Extrahiere Formatierung vor AI-Transform...
📊 Format-Extraktion: {
  originalLength: 103,
  plainTextLength: 103,
  markersCount: 3,
  markerTypes: [ 'paragraph', 'paragraph', 'paragraph' ]
}
🤖 Model Selection: { action: 'custom', model: 'gemini-2.5-flash', maxOutputTokens: 8192 }
🔍 Text Extraction Debug: {
  hasMessage: true,
  hasContent: true,
  contentLength: 1,
  hasText: true,
  extractedLength: 129,
  resultKeys: [
    'message',
    'finishReason',
    'finishMessage',
    'usage',
    'custom',
    'raw',
    'request',
    'operation',
    'model',
    'parser'
  ]
}
✅ Text generiert, Länge: 129
🎨 Wende Formatierung auf transformierten Text an...
📊 Format-Restoration: { plainTextLength: 129, formattedTextLength: 129, markersApplied: 3 }
📊 Transformation abgeschlossen {
  action: 'custom',
  originalLength: 103,
  transformedLength: 129,
  wordCountChange: 4
}
✅ Flow erfolgreich ausgeführt
⏱️  Dauer: 3741ms

📊 METRIKEN:
  Original Wörter: 13
  Transformiert Wörter: 17
  Wortanzahl-Änderung: 4
  Original Zeichen: 103
  Transformiert Zeichen: 129

📄 ORIGINAL:
  Die Konferenz findet am 15. März statt.

Experten diskutieren aktuelle Themen.

Anmeldung erforderlich.

🔄 TRANSFORMIERT:
  Die Konferenz findet am 15. März im Berlin Congress Center statt.

Experten diskutieren aktuelle Themen. Anmeldung erforderlich..

✅ VALIDIERUNG BESTANDEN


────────────────────────────────────────────────────────────────────────────────
TEST 16/19: format-preservation-1-combined
📝 Format-Preservation: Rephrase mit Bold + CTA + Hashtags
────────────────────────────────────────────────────────────────────────────────

🔄 Text-Transformation gestartet {
  action: 'rephrase',
  textLength: 130,
  hasFullDocument: false,
  hasTone: false,
  hasInstruction: false
}
📋 Prompts gewählt: {
  action: 'rephrase',
  hasContext: null,
  systemPromptLength: 1132,
  userPromptLength: 164
}
🔍 Extrahiere Formatierung vor AI-Transform...
📊 Format-Extraktion: {
  originalLength: 130,
  plainTextLength: 117,
  markersCount: 6,
  markerTypes: [ 'bold', 'cta', 'hashtag', 'hashtag', 'hashtag', 'paragraph' ]
}
🤖 Model Selection: {
  action: 'rephrase',
  model: 'gemini-2.5-flash-lite',
  maxOutputTokens: 2048
}
🔍 Text Extraction Debug: {
  hasMessage: true,
  hasContent: true,
  contentLength: 1,
  hasText: true,
  extractedLength: 158,
  resultKeys: [
    'message',
    'finishReason',
    'finishMessage',
    'usage',
    'custom',
    'raw',
    'request',
    'operation',
    'model',
    'parser'
  ]
}
✅ Text generiert, Länge: 158
🎨 Wende Formatierung auf transformierten Text an...
📊 Format-Restoration: { plainTextLength: 154, formattedTextLength: 166, markersApplied: 6 }
📊 Transformation abgeschlossen {
  action: 'rephrase',
  originalLength: 130,
  transformedLength: 166,
  wordCountChange: 1
}
✅ Flow erfolgreich ausgeführt
⏱️  Dauer: 432ms

📊 METRIKEN:
  Original Wörter: 15
  Transformiert Wörter: 16
  Wortanzahl-Änderung: 1
  Original Zeichen: 130
  Transformiert Zeichen: 166

📄 ORIGINAL:
  Die **innovative KI-Plattform** analysiert Daten in Echtzeit. [[CTA: Demo anfordern unter demo@firma.de]] #KI #Innovation #BigData

🔄 TRANSFORMIERT:
  Die neuartige KI-Plattform untersucht Informationen augenblicklich. Vorführung anfordern unter demo@firma.de [[CTA: demo@firma.de]] #KI #Neuerung #Big...

⚠️  VALIDIERUNGS-WARNUNGEN:
   ❌ Bold-Formatierung (**) verloren


────────────────────────────────────────────────────────────────────────────────
TEST 17/19: format-preservation-2-shorten
📝 Format-Preservation: Shorten mit Bold + CTA
────────────────────────────────────────────────────────────────────────────────

🔄 Text-Transformation gestartet {
  action: 'shorten',
  textLength: 224,
  hasFullDocument: false,
  hasTone: false,
  hasInstruction: false
}
📋 Prompts gewählt: {
  action: 'shorten',
  hasContext: null,
  systemPromptLength: 894,
  userPromptLength: 287
}
🔍 Extrahiere Formatierung vor AI-Transform...
📊 Format-Extraktion: {
  originalLength: 224,
  plainTextLength: 211,
  markersCount: 3,
  markerTypes: [ 'bold', 'cta', 'paragraph' ]
}
🤖 Model Selection: {
  action: 'shorten',
  model: 'gemini-2.5-flash-lite',
  maxOutputTokens: 2048
}
🔍 Text Extraction Debug: {
  hasMessage: true,
  hasContent: true,
  contentLength: 1,
  hasText: true,
  extractedLength: 118,
  resultKeys: [
    'message',
    'finishReason',
    'finishMessage',
    'usage',
    'custom',
    'raw',
    'request',
    'operation',
    'model',
    'parser'
  ]
}
✅ Text generiert, Länge: 118
🎨 Wende Formatierung auf transformierten Text an...
📊 Format-Restoration: { plainTextLength: 118, formattedTextLength: 118, markersApplied: 3 }
📊 Transformation abgeschlossen {
  action: 'shorten',
  originalLength: 224,
  transformedLength: 118,
  wordCountChange: -12
}
✅ Flow erfolgreich ausgeführt
⏱️  Dauer: 593ms

📊 METRIKEN:
  Original Wörter: 26
  Transformiert Wörter: 14
  Wortanzahl-Änderung: -12
  Original Zeichen: 224
  Transformiert Zeichen: 118

📄 ORIGINAL:
  Unsere **revolutionäre KI-Plattform** bietet umfassende Analysefunktionen und ermöglicht es Unternehmen, ihre Daten in Echtzeit zu verarbeiten und wer...

🔄 TRANSFORMIERT:
  Unsere KI-Plattform analysiert Daten in Echtzeit für wertvolle Insights. [[CTA: Kostenlose Beratung unter 030-123456]]

⚠️  VALIDIERUNGS-WARNUNGEN:
   ❌ Zu wenig Wörter: 14 < 18
   ❌ Bold-Formatierung (**) verloren


────────────────────────────────────────────────────────────────────────────────
TEST 18/19: edge-case-1-very-short-text
📝 Edge Case: Sehr kurzer Text (nur 3 Wörter) - rephrase
────────────────────────────────────────────────────────────────────────────────

🔄 Text-Transformation gestartet {
  action: 'rephrase',
  textLength: 21,
  hasFullDocument: false,
  hasTone: false,
  hasInstruction: false
}
📋 Prompts gewählt: {
  action: 'rephrase',
  hasContext: null,
  systemPromptLength: 1131,
  userPromptLength: 54
}
🔍 Extrahiere Formatierung vor AI-Transform...
📊 Format-Extraktion: {
  originalLength: 21,
  plainTextLength: 21,
  markersCount: 1,
  markerTypes: [ 'paragraph' ]
}
🤖 Model Selection: {
  action: 'rephrase',
  model: 'gemini-2.5-flash-lite',
  maxOutputTokens: 2048
}
🔍 Text Extraction Debug: {
  hasMessage: true,
  hasContent: true,
  contentLength: 1,
  hasText: true,
  extractedLength: 20,
  resultKeys: [
    'message',
    'finishReason',
    'finishMessage',
    'usage',
    'custom',
    'raw',
    'request',
    'operation',
    'model',
    'parser'
  ]
}
✅ Text generiert, Länge: 20
🎨 Wende Formatierung auf transformierten Text an...
📊 Format-Restoration: { plainTextLength: 20, formattedTextLength: 20, markersApplied: 1 }
📊 Transformation abgeschlossen {
  action: 'rephrase',
  originalLength: 21,
  transformedLength: 20,
  wordCountChange: 0
}
✅ Flow erfolgreich ausgeführt
⏱️  Dauer: 532ms

📊 METRIKEN:
  Original Wörter: 3
  Transformiert Wörter: 3
  Wortanzahl-Änderung: 0
  Original Zeichen: 21
  Transformiert Zeichen: 20

📄 ORIGINAL:
  Die App funktioniert.

🔄 TRANSFORMIERT:
  Die Anwendung läuft.

✅ VALIDIERUNG BESTANDEN


────────────────────────────────────────────────────────────────────────────────
TEST 19/19: edge-case-2-special-characters
📝 Edge Case: Text mit Sonderzeichen und Zahlen
────────────────────────────────────────────────────────────────────────────────

🔄 Text-Transformation gestartet {
  action: 'rephrase',
  textLength: 83,
  hasFullDocument: false,
  hasTone: false,
  hasInstruction: false
}
📋 Prompts gewählt: {
  action: 'rephrase',
  hasContext: null,
  systemPromptLength: 1132,
  userPromptLength: 117
}
🔍 Extrahiere Formatierung vor AI-Transform...
📊 Format-Extraktion: {
  originalLength: 83,
  plainTextLength: 83,
  markersCount: 1,
  markerTypes: [ 'paragraph' ]
}
🤖 Model Selection: {
  action: 'rephrase',
  model: 'gemini-2.5-flash-lite',
  maxOutputTokens: 2048
}
🔍 Text Extraction Debug: {
  hasMessage: true,
  hasContent: true,
  contentLength: 1,
  hasText: true,
  extractedLength: 107,
  resultKeys: [
    'message',
    'finishReason',
    'finishMessage',
    'usage',
    'custom',
    'raw',
    'request',
    'operation',
    'model',
    'parser'
  ]
}
✅ Text generiert, Länge: 107
🎨 Wende Formatierung auf transformierten Text an...
📊 Format-Restoration: { plainTextLength: 107, formattedTextLength: 107, markersApplied: 1 }
📊 Transformation abgeschlossen {
  action: 'rephrase',
  originalLength: 83,
  transformedLength: 107,
  wordCountChange: 2
}
✅ Flow erfolgreich ausgeführt
⏱️  Dauer: 430ms

📊 METRIKEN:
  Original Wörter: 12
  Transformiert Wörter: 14
  Wortanzahl-Änderung: 2
  Original Zeichen: 83
  Transformiert Zeichen: 107

📄 ORIGINAL:
  Die API unterstützt OAuth 2.0, JWT-Tokens und hat eine 99,9% Uptime-Garantie (SLA).

🔄 TRANSFORMIERT:
  Die Schnittstelle gewährt Zugang zu OAuth 2.0, JWT-Tokens und besitzt eine 99,9% Betriebszeit-Zusage (SLA).

✅ VALIDIERUNG BESTANDEN


════════════════════════════════════════════════════════════════════════════════
📊 TEST-ZUSAMMENFASSUNG
════════════════════════════════════════════════════════════════════════════════

Gesamt Test-Cases: 19
✅ Bestanden: 10
⚠️  Warnungen: 9
Erfolgsrate: 53%

DETAILLIERTE ERGEBNISSE:
────────────────────────────────────────────────────────────────────────────────
⚠️ rephrase-1-press-release-intro           WARNING    737ms
✅ rephrase-2-with-context                  PASSED     643ms
✅ rephrase-3-with-bold-formatting          PASSED     390ms
⚠️ shorten-1-long-paragraph                 WARNING    478ms
✅ shorten-2-with-cta-marker                PASSED     536ms
✅ expand-1-short-bullet                    PASSED     643ms
✅ expand-2-with-hashtags                   PASSED     373ms
✅ formalize-1-simple-draft                 PASSED     8665ms
⚠️ formalize-2-detailed-draft               WARNING    5327ms
⚠️ change-tone-1-formal-to-casual           WARNING    598ms
⚠️ change-tone-2-with-formatting            WARNING    701ms
✅ custom-1-contextual-addition             PASSED     1021ms
⚠️ custom-2-global-replacement              WARNING    2848ms
⚠️ custom-3-paragraph-specific              WARNING    1976ms
✅ custom-4-add-information-contextual      PASSED     3741ms
⚠️ format-preservation-1-combined           WARNING    432ms
⚠️ format-preservation-2-shorten            WARNING    593ms
✅ edge-case-1-very-short-text              PASSED     532ms
✅ edge-case-2-special-characters           PASSED     430ms

════════════════════════════════════════════════════════════════════════════════
